// Jest Snapshot v1, https://goo.gl/fbAQLP

exports[`<ProfilesHeading /> matches snapshot 1`] = `
ShallowWrapper {
  Symbol(enzyme.__root__): [Circular],
  Symbol(enzyme.__unrendered__): <ProfilesHeading />,
  Symbol(enzyme.__renderer__): Object {
    "batchedUpdates": [Function],
    "getNode": [Function],
    "render": [Function],
    "simulateError": [Function],
    "simulateEvent": [Function],
    "unmount": [Function],
  },
  Symbol(enzyme.__node__): Object {
    "instance": null,
    "key": undefined,
    "nodeType": "host",
    "props": Object {
      "children": <section
        className="mt-5 mb-2"
        id="profile"
      >
        <div
          className="container"
        >
          <div
            className="row"
          >
            <div
              className="col-md-10 m-auto"
            >
              <h2
                className="display-2"
                style={
                  Object {
                    "textAlign": "center",
                  }
                }
              >
                <input
                  id="filter-users"
                  name="display"
                  placeholder="Filter Users..."
                  style={
                    Object {
                      "display": "none",
                    }
                  }
                />
              </h2>
            </div>
          </div>
        </div>
      </section>,
      "className": "flex-grow-1",
      "id": "dashboard-page",
    },
    "ref": null,
    "rendered": Object {
      "instance": null,
      "key": undefined,
      "nodeType": "host",
      "props": Object {
        "children": <div
          className="container"
        >
          <div
            className="row"
          >
            <div
              className="col-md-10 m-auto"
            >
              <h2
                className="display-2"
                style={
                  Object {
                    "textAlign": "center",
                  }
                }
              >
                <input
                  id="filter-users"
                  name="display"
                  placeholder="Filter Users..."
                  style={
                    Object {
                      "display": "none",
                    }
                  }
                />
              </h2>
            </div>
          </div>
        </div>,
        "className": "mt-5 mb-2",
        "id": "profile",
      },
      "ref": null,
      "rendered": Object {
        "instance": null,
        "key": undefined,
        "nodeType": "host",
        "props": Object {
          "children": <div
            className="row"
          >
            <div
              className="col-md-10 m-auto"
            >
              <h2
                className="display-2"
                style={
                  Object {
                    "textAlign": "center",
                  }
                }
              >
                <input
                  id="filter-users"
                  name="display"
                  placeholder="Filter Users..."
                  style={
                    Object {
                      "display": "none",
                    }
                  }
                />
              </h2>
            </div>
          </div>,
          "className": "container",
        },
        "ref": null,
        "rendered": Object {
          "instance": null,
          "key": undefined,
          "nodeType": "host",
          "props": Object {
            "children": <div
              className="col-md-10 m-auto"
            >
              <h2
                className="display-2"
                style={
                  Object {
                    "textAlign": "center",
                  }
                }
              >
                <input
                  id="filter-users"
                  name="display"
                  placeholder="Filter Users..."
                  style={
                    Object {
                      "display": "none",
                    }
                  }
                />
              </h2>
            </div>,
            "className": "row",
          },
          "ref": null,
          "rendered": Object {
            "instance": null,
            "key": undefined,
            "nodeType": "host",
            "props": Object {
              "children": <h2
                className="display-2"
                style={
                  Object {
                    "textAlign": "center",
                  }
                }
              >
                <input
                  id="filter-users"
                  name="display"
                  placeholder="Filter Users..."
                  style={
                    Object {
                      "display": "none",
                    }
                  }
                />
              </h2>,
              "className": "col-md-10 m-auto",
            },
            "ref": null,
            "rendered": Object {
              "instance": null,
              "key": undefined,
              "nodeType": "host",
              "props": Object {
                "children": Array [
                  undefined,
                  <input
                    id="filter-users"
                    name="display"
                    placeholder="Filter Users..."
                    style={
                      Object {
                        "display": "none",
                      }
                    }
                  />,
                ],
                "className": "display-2",
                "style": Object {
                  "textAlign": "center",
                },
              },
              "ref": null,
              "rendered": Array [
                undefined,
                Object {
                  "instance": null,
                  "key": undefined,
                  "nodeType": "host",
                  "props": Object {
                    "id": "filter-users",
                    "name": "display",
                    "onChange": undefined,
                    "placeholder": "Filter Users...",
                    "style": Object {
                      "display": "none",
                    },
                  },
                  "ref": null,
                  "rendered": null,
                  "type": "input",
                },
              ],
              "type": "h2",
            },
            "type": "div",
          },
          "type": "div",
        },
        "type": "div",
      },
      "type": "section",
    },
    "type": "section",
  },
  Symbol(enzyme.__nodes__): Array [
    Object {
      "instance": null,
      "key": undefined,
      "nodeType": "host",
      "props": Object {
        "children": <section
          className="mt-5 mb-2"
          id="profile"
        >
          <div
            className="container"
          >
            <div
              className="row"
            >
              <div
                className="col-md-10 m-auto"
              >
                <h2
                  className="display-2"
                  style={
                    Object {
                      "textAlign": "center",
                    }
                  }
                >
                  <input
                    id="filter-users"
                    name="display"
                    placeholder="Filter Users..."
                    style={
                      Object {
                        "display": "none",
                      }
                    }
                  />
                </h2>
              </div>
            </div>
          </div>
        </section>,
        "className": "flex-grow-1",
        "id": "dashboard-page",
      },
      "ref": null,
      "rendered": Object {
        "instance": null,
        "key": undefined,
        "nodeType": "host",
        "props": Object {
          "children": <div
            className="container"
          >
            <div
              className="row"
            >
              <div
                className="col-md-10 m-auto"
              >
                <h2
                  className="display-2"
                  style={
                    Object {
                      "textAlign": "center",
                    }
                  }
                >
                  <input
                    id="filter-users"
                    name="display"
                    placeholder="Filter Users..."
                    style={
                      Object {
                        "display": "none",
                      }
                    }
                  />
                </h2>
              </div>
            </div>
          </div>,
          "className": "mt-5 mb-2",
          "id": "profile",
        },
        "ref": null,
        "rendered": Object {
          "instance": null,
          "key": undefined,
          "nodeType": "host",
          "props": Object {
            "children": <div
              className="row"
            >
              <div
                className="col-md-10 m-auto"
              >
                <h2
                  className="display-2"
                  style={
                    Object {
                      "textAlign": "center",
                    }
                  }
                >
                  <input
                    id="filter-users"
                    name="display"
                    placeholder="Filter Users..."
                    style={
                      Object {
                        "display": "none",
                      }
                    }
                  />
                </h2>
              </div>
            </div>,
            "className": "container",
          },
          "ref": null,
          "rendered": Object {
            "instance": null,
            "key": undefined,
            "nodeType": "host",
            "props": Object {
              "children": <div
                className="col-md-10 m-auto"
              >
                <h2
                  className="display-2"
                  style={
                    Object {
                      "textAlign": "center",
                    }
                  }
                >
                  <input
                    id="filter-users"
                    name="display"
                    placeholder="Filter Users..."
                    style={
                      Object {
                        "display": "none",
                      }
                    }
                  />
                </h2>
              </div>,
              "className": "row",
            },
            "ref": null,
            "rendered": Object {
              "instance": null,
              "key": undefined,
              "nodeType": "host",
              "props": Object {
                "children": <h2
                  className="display-2"
                  style={
                    Object {
                      "textAlign": "center",
                    }
                  }
                >
                  <input
                    id="filter-users"
                    name="display"
                    placeholder="Filter Users..."
                    style={
                      Object {
                        "display": "none",
                      }
                    }
                  />
                </h2>,
                "className": "col-md-10 m-auto",
              },
              "ref": null,
              "rendered": Object {
                "instance": null,
                "key": undefined,
                "nodeType": "host",
                "props": Object {
                  "children": Array [
                    undefined,
                    <input
                      id="filter-users"
                      name="display"
                      placeholder="Filter Users..."
                      style={
                        Object {
                          "display": "none",
                        }
                      }
                    />,
                  ],
                  "className": "display-2",
                  "style": Object {
                    "textAlign": "center",
                  },
                },
                "ref": null,
                "rendered": Array [
                  undefined,
                  Object {
                    "instance": null,
                    "key": undefined,
                    "nodeType": "host",
                    "props": Object {
                      "id": "filter-users",
                      "name": "display",
                      "onChange": undefined,
                      "placeholder": "Filter Users...",
                      "style": Object {
                        "display": "none",
                      },
                    },
                    "ref": null,
                    "rendered": null,
                    "type": "input",
                  },
                ],
                "type": "h2",
              },
              "type": "div",
            },
            "type": "div",
          },
          "type": "div",
        },
        "type": "section",
      },
      "type": "section",
    },
  ],
  Symbol(enzyme.__options__): Object {
    "adapter": ReactSixteenAdapter {
      "options": Object {
        "enableComponentDidUpdateOnSetState": true,
        "lifecycles": Object {
          "componentDidUpdate": Object {
            "onSetState": true,
          },
          "getDerivedStateFromProps": true,
          "getSnapshotBeforeUpdate": true,
          "setState": Object {
            "skipsComponentDidUpdateOnNullish": true,
          },
        },
      },
    },
  },
}
`;
