// Jest Snapshot v1, https://goo.gl/fbAQLP

exports[`<PasswordReset/> should render without crashing 1`] = `
ShallowWrapper {
  Symbol(enzyme.__root__): [Circular],
  Symbol(enzyme.__unrendered__): <PasswordReset
    passwordReset={[MockFunction]}
  />,
  Symbol(enzyme.__renderer__): Object {
    "batchedUpdates": [Function],
    "getNode": [Function],
    "render": [Function],
    "simulateError": [Function],
    "simulateEvent": [Function],
    "unmount": [Function],
  },
  Symbol(enzyme.__node__): Object {
    "instance": null,
    "key": undefined,
    "nodeType": "host",
    "props": Object {
      "children": <div
        className="container"
      >
        <div
          className="row"
        >
          <div
            className="col-md-8 m-auto"
          >
            <h3
              className="display-4 text-center my-4"
            >
              Request a Password reset link
            </h3>
            <form
              noValidate={true}
              onSubmit={[Function]}
            >
              <div
                className="form-group"
              >
                <input
                  className="form-control form-control-lg"
                  name="email"
                  onChange={[Function]}
                  placeholder="Enter Your Email Address"
                  type="email"
                />
              </div>
              <div
                className="invalid-feedback"
              />
              <input
                className="btn btn-primary btn-block mt-4 zeus-color"
                type="submit"
              />
            </form>
          </div>
        </div>
      </div>,
      "className": "flex-grow-1",
      "id": "passwordreset",
    },
    "ref": null,
    "rendered": Object {
      "instance": null,
      "key": undefined,
      "nodeType": "host",
      "props": Object {
        "children": <div
          className="row"
        >
          <div
            className="col-md-8 m-auto"
          >
            <h3
              className="display-4 text-center my-4"
            >
              Request a Password reset link
            </h3>
            <form
              noValidate={true}
              onSubmit={[Function]}
            >
              <div
                className="form-group"
              >
                <input
                  className="form-control form-control-lg"
                  name="email"
                  onChange={[Function]}
                  placeholder="Enter Your Email Address"
                  type="email"
                />
              </div>
              <div
                className="invalid-feedback"
              />
              <input
                className="btn btn-primary btn-block mt-4 zeus-color"
                type="submit"
              />
            </form>
          </div>
        </div>,
        "className": "container",
      },
      "ref": null,
      "rendered": Object {
        "instance": null,
        "key": undefined,
        "nodeType": "host",
        "props": Object {
          "children": <div
            className="col-md-8 m-auto"
          >
            <h3
              className="display-4 text-center my-4"
            >
              Request a Password reset link
            </h3>
            <form
              noValidate={true}
              onSubmit={[Function]}
            >
              <div
                className="form-group"
              >
                <input
                  className="form-control form-control-lg"
                  name="email"
                  onChange={[Function]}
                  placeholder="Enter Your Email Address"
                  type="email"
                />
              </div>
              <div
                className="invalid-feedback"
              />
              <input
                className="btn btn-primary btn-block mt-4 zeus-color"
                type="submit"
              />
            </form>
          </div>,
          "className": "row",
        },
        "ref": null,
        "rendered": Object {
          "instance": null,
          "key": undefined,
          "nodeType": "host",
          "props": Object {
            "children": Array [
              <h3
                className="display-4 text-center my-4"
              >
                Request a Password reset link
              </h3>,
              <form
                noValidate={true}
                onSubmit={[Function]}
              >
                <div
                  className="form-group"
                >
                  <input
                    className="form-control form-control-lg"
                    name="email"
                    onChange={[Function]}
                    placeholder="Enter Your Email Address"
                    type="email"
                  />
                </div>
                <div
                  className="invalid-feedback"
                />
                <input
                  className="btn btn-primary btn-block mt-4 zeus-color"
                  type="submit"
                />
              </form>,
            ],
            "className": "col-md-8 m-auto",
          },
          "ref": null,
          "rendered": Array [
            Object {
              "instance": null,
              "key": undefined,
              "nodeType": "host",
              "props": Object {
                "children": "Request a Password reset link",
                "className": "display-4 text-center my-4",
              },
              "ref": null,
              "rendered": "Request a Password reset link",
              "type": "h3",
            },
            Object {
              "instance": null,
              "key": undefined,
              "nodeType": "host",
              "props": Object {
                "children": Array [
                  <div
                    className="form-group"
                  >
                    <input
                      className="form-control form-control-lg"
                      name="email"
                      onChange={[Function]}
                      placeholder="Enter Your Email Address"
                      type="email"
                    />
                  </div>,
                  <div
                    className="invalid-feedback"
                  />,
                  false,
                  <input
                    className="btn btn-primary btn-block mt-4 zeus-color"
                    type="submit"
                  />,
                ],
                "noValidate": true,
                "onSubmit": [Function],
              },
              "ref": null,
              "rendered": Array [
                Object {
                  "instance": null,
                  "key": undefined,
                  "nodeType": "host",
                  "props": Object {
                    "children": <input
                      className="form-control form-control-lg"
                      name="email"
                      onChange={[Function]}
                      placeholder="Enter Your Email Address"
                      type="email"
                    />,
                    "className": "form-group",
                  },
                  "ref": null,
                  "rendered": Object {
                    "instance": null,
                    "key": undefined,
                    "nodeType": "host",
                    "props": Object {
                      "className": "form-control form-control-lg",
                      "name": "email",
                      "onChange": [Function],
                      "placeholder": "Enter Your Email Address",
                      "type": "email",
                      "value": undefined,
                    },
                    "ref": null,
                    "rendered": null,
                    "type": "input",
                  },
                  "type": "div",
                },
                Object {
                  "instance": null,
                  "key": undefined,
                  "nodeType": "host",
                  "props": Object {
                    "children": undefined,
                    "className": "invalid-feedback",
                  },
                  "ref": null,
                  "rendered": null,
                  "type": "div",
                },
                false,
                Object {
                  "instance": null,
                  "key": undefined,
                  "nodeType": "host",
                  "props": Object {
                    "className": "btn btn-primary btn-block mt-4 zeus-color",
                    "type": "submit",
                  },
                  "ref": null,
                  "rendered": null,
                  "type": "input",
                },
              ],
              "type": "form",
            },
          ],
          "type": "div",
        },
        "type": "div",
      },
      "type": "div",
    },
    "type": "section",
  },
  Symbol(enzyme.__nodes__): Array [
    Object {
      "instance": null,
      "key": undefined,
      "nodeType": "host",
      "props": Object {
        "children": <div
          className="container"
        >
          <div
            className="row"
          >
            <div
              className="col-md-8 m-auto"
            >
              <h3
                className="display-4 text-center my-4"
              >
                Request a Password reset link
              </h3>
              <form
                noValidate={true}
                onSubmit={[Function]}
              >
                <div
                  className="form-group"
                >
                  <input
                    className="form-control form-control-lg"
                    name="email"
                    onChange={[Function]}
                    placeholder="Enter Your Email Address"
                    type="email"
                  />
                </div>
                <div
                  className="invalid-feedback"
                />
                <input
                  className="btn btn-primary btn-block mt-4 zeus-color"
                  type="submit"
                />
              </form>
            </div>
          </div>
        </div>,
        "className": "flex-grow-1",
        "id": "passwordreset",
      },
      "ref": null,
      "rendered": Object {
        "instance": null,
        "key": undefined,
        "nodeType": "host",
        "props": Object {
          "children": <div
            className="row"
          >
            <div
              className="col-md-8 m-auto"
            >
              <h3
                className="display-4 text-center my-4"
              >
                Request a Password reset link
              </h3>
              <form
                noValidate={true}
                onSubmit={[Function]}
              >
                <div
                  className="form-group"
                >
                  <input
                    className="form-control form-control-lg"
                    name="email"
                    onChange={[Function]}
                    placeholder="Enter Your Email Address"
                    type="email"
                  />
                </div>
                <div
                  className="invalid-feedback"
                />
                <input
                  className="btn btn-primary btn-block mt-4 zeus-color"
                  type="submit"
                />
              </form>
            </div>
          </div>,
          "className": "container",
        },
        "ref": null,
        "rendered": Object {
          "instance": null,
          "key": undefined,
          "nodeType": "host",
          "props": Object {
            "children": <div
              className="col-md-8 m-auto"
            >
              <h3
                className="display-4 text-center my-4"
              >
                Request a Password reset link
              </h3>
              <form
                noValidate={true}
                onSubmit={[Function]}
              >
                <div
                  className="form-group"
                >
                  <input
                    className="form-control form-control-lg"
                    name="email"
                    onChange={[Function]}
                    placeholder="Enter Your Email Address"
                    type="email"
                  />
                </div>
                <div
                  className="invalid-feedback"
                />
                <input
                  className="btn btn-primary btn-block mt-4 zeus-color"
                  type="submit"
                />
              </form>
            </div>,
            "className": "row",
          },
          "ref": null,
          "rendered": Object {
            "instance": null,
            "key": undefined,
            "nodeType": "host",
            "props": Object {
              "children": Array [
                <h3
                  className="display-4 text-center my-4"
                >
                  Request a Password reset link
                </h3>,
                <form
                  noValidate={true}
                  onSubmit={[Function]}
                >
                  <div
                    className="form-group"
                  >
                    <input
                      className="form-control form-control-lg"
                      name="email"
                      onChange={[Function]}
                      placeholder="Enter Your Email Address"
                      type="email"
                    />
                  </div>
                  <div
                    className="invalid-feedback"
                  />
                  <input
                    className="btn btn-primary btn-block mt-4 zeus-color"
                    type="submit"
                  />
                </form>,
              ],
              "className": "col-md-8 m-auto",
            },
            "ref": null,
            "rendered": Array [
              Object {
                "instance": null,
                "key": undefined,
                "nodeType": "host",
                "props": Object {
                  "children": "Request a Password reset link",
                  "className": "display-4 text-center my-4",
                },
                "ref": null,
                "rendered": "Request a Password reset link",
                "type": "h3",
              },
              Object {
                "instance": null,
                "key": undefined,
                "nodeType": "host",
                "props": Object {
                  "children": Array [
                    <div
                      className="form-group"
                    >
                      <input
                        className="form-control form-control-lg"
                        name="email"
                        onChange={[Function]}
                        placeholder="Enter Your Email Address"
                        type="email"
                      />
                    </div>,
                    <div
                      className="invalid-feedback"
                    />,
                    false,
                    <input
                      className="btn btn-primary btn-block mt-4 zeus-color"
                      type="submit"
                    />,
                  ],
                  "noValidate": true,
                  "onSubmit": [Function],
                },
                "ref": null,
                "rendered": Array [
                  Object {
                    "instance": null,
                    "key": undefined,
                    "nodeType": "host",
                    "props": Object {
                      "children": <input
                        className="form-control form-control-lg"
                        name="email"
                        onChange={[Function]}
                        placeholder="Enter Your Email Address"
                        type="email"
                      />,
                      "className": "form-group",
                    },
                    "ref": null,
                    "rendered": Object {
                      "instance": null,
                      "key": undefined,
                      "nodeType": "host",
                      "props": Object {
                        "className": "form-control form-control-lg",
                        "name": "email",
                        "onChange": [Function],
                        "placeholder": "Enter Your Email Address",
                        "type": "email",
                        "value": undefined,
                      },
                      "ref": null,
                      "rendered": null,
                      "type": "input",
                    },
                    "type": "div",
                  },
                  Object {
                    "instance": null,
                    "key": undefined,
                    "nodeType": "host",
                    "props": Object {
                      "children": undefined,
                      "className": "invalid-feedback",
                    },
                    "ref": null,
                    "rendered": null,
                    "type": "div",
                  },
                  false,
                  Object {
                    "instance": null,
                    "key": undefined,
                    "nodeType": "host",
                    "props": Object {
                      "className": "btn btn-primary btn-block mt-4 zeus-color",
                      "type": "submit",
                    },
                    "ref": null,
                    "rendered": null,
                    "type": "input",
                  },
                ],
                "type": "form",
              },
            ],
            "type": "div",
          },
          "type": "div",
        },
        "type": "div",
      },
      "type": "section",
    },
  ],
  Symbol(enzyme.__options__): Object {
    "adapter": ReactSixteenAdapter {
      "options": Object {
        "enableComponentDidUpdateOnSetState": true,
        "lifecycles": Object {
          "componentDidUpdate": Object {
            "onSetState": true,
          },
          "getDerivedStateFromProps": true,
          "getSnapshotBeforeUpdate": true,
          "setState": Object {
            "skipsComponentDidUpdateOnNullish": true,
          },
        },
      },
    },
  },
}
`;
